// Jest Snapshot v1, https://goo.gl/fbAQLP

exports[`Pruebas en <TodoList /> Debe mostrarse correctamente snapshot 1`] = `
<ul
  className="list-group list-group-flush"
>
  <TodoListItem
    handleCompleted={[MockFunction]}
    handleRemove={[MockFunction]}
    index={0}
    key="1"
    todo={
      Object {
        "desc": "Descripcion",
        "done": false,
        "id": 1,
      }
    }
  />
  <TodoListItem
    handleCompleted={[MockFunction]}
    handleRemove={[MockFunction]}
    index={1}
    key="2"
    todo={
      Object {
        "desc": "Descripcion 2",
        "done": false,
        "id": 2,
      }
    }
  />
</ul>
`;
