// Jest Snapshot v1, https://goo.gl/fbAQLP

exports[`Pruebas de RealExampleUseRef Debe mostrarse el componente RealExampleUseRef snapshot 1`] = `
<div>
  <h1>
    RealExampleUseRef
  </h1>
  <hr />
  <button
    className="btn btn-primary mt-5"
    onClick={[Function]}
  >
    Show/hide
  </button>
</div>
`;
