// Jest Snapshot v1, https://goo.gl/fbAQLP

exports[`Pruebas de >HomeScreen/> Mostrar el componente correctamente snapshot 1`] = `
<div>
  <h1>
    HomeScreen
  </h1>
  <hr />
  <pre>
    {
   "name": "fernando",
   "email": "f@f.com"
}
  </pre>
</div>
`;
